// Jest Snapshot v1, https://goo.gl/fbAQLP

exports[`Test Calendar Renders 1`] = `
<div
  className="MuiGrid-root MuiGrid-container css-17qsxia-MuiGrid-root"
>
  <div
    className="MuiGrid-root MuiGrid-item MuiGrid-grid-xs-1 css-1i5d9ma-MuiGrid-root"
  >
    <div
      className="MuiGrid-root MuiGrid-container css-dqfxkm-MuiGrid-root"
    >
      <div
        className="MuiGrid-root MuiGrid-item MuiGrid-grid-xs-1 css-1osj8n2-MuiGrid-root"
      >
        <h6
          className="MuiTypography-root MuiTypography-h6 MuiTypography-alignLeft css-16taog-MuiTypography-root"
        >
          10.23
        </h6>
      </div>
      <div
        className="MuiGrid-root MuiGrid-item MuiGrid-grid-xs-1 css-1osj8n2-MuiGrid-root"
      >
        <h6
          className="MuiTypography-root MuiTypography-h6 MuiTypography-alignRight css-1js305m-MuiTypography-root"
        >
          Sun
        </h6>
      </div>
    </div>
  </div>
  <div
    className="MuiGrid-root MuiGrid-item MuiGrid-grid-xs-1 css-1i5d9ma-MuiGrid-root"
  >
    <div
      className="MuiGrid-root MuiGrid-container css-dqfxkm-MuiGrid-root"
    >
      <div
        className="MuiGrid-root MuiGrid-item MuiGrid-grid-xs-1 css-1osj8n2-MuiGrid-root"
      >
        <h6
          className="MuiTypography-root MuiTypography-h6 MuiTypography-alignLeft css-16taog-MuiTypography-root"
        >
          10.23
        </h6>
      </div>
      <div
        className="MuiGrid-root MuiGrid-item MuiGrid-grid-xs-1 css-1osj8n2-MuiGrid-root"
      >
        <h6
          className="MuiTypography-root MuiTypography-h6 MuiTypography-alignRight css-1js305m-MuiTypography-root"
        >
          Mon
        </h6>
      </div>
    </div>
  </div>
  <div
    className="MuiGrid-root MuiGrid-item MuiGrid-grid-xs-1 css-1i5d9ma-MuiGrid-root"
  >
    <div
      className="MuiGrid-root MuiGrid-container css-dqfxkm-MuiGrid-root"
    >
      <div
        className="MuiGrid-root MuiGrid-item MuiGrid-grid-xs-1 css-1osj8n2-MuiGrid-root"
      >
        <h6
          className="MuiTypography-root MuiTypography-h6 MuiTypography-alignLeft css-16taog-MuiTypography-root"
        >
          10.23
        </h6>
      </div>
      <div
        className="MuiGrid-root MuiGrid-item MuiGrid-grid-xs-1 css-1osj8n2-MuiGrid-root"
      >
        <h6
          className="MuiTypography-root MuiTypography-h6 MuiTypography-alignRight css-1js305m-MuiTypography-root"
        >
          Tue
        </h6>
      </div>
    </div>
  </div>
  <div
    className="MuiGrid-root MuiGrid-item MuiGrid-grid-xs-1 css-1i5d9ma-MuiGrid-root"
  >
    <div
      className="MuiGrid-root MuiGrid-container css-dqfxkm-MuiGrid-root"
    >
      <div
        className="MuiGrid-root MuiGrid-item MuiGrid-grid-xs-1 css-1osj8n2-MuiGrid-root"
      >
        <h6
          className="MuiTypography-root MuiTypography-h6 MuiTypography-alignLeft css-16taog-MuiTypography-root"
        >
          10.23
        </h6>
      </div>
      <div
        className="MuiGrid-root MuiGrid-item MuiGrid-grid-xs-1 css-1osj8n2-MuiGrid-root"
      >
        <h6
          className="MuiTypography-root MuiTypography-h6 MuiTypography-alignRight css-1js305m-MuiTypography-root"
        >
          Wed
        </h6>
      </div>
    </div>
  </div>
  <div
    className="MuiGrid-root MuiGrid-item MuiGrid-grid-xs-1 css-1i5d9ma-MuiGrid-root"
  >
    <div
      className="MuiGrid-root MuiGrid-container css-dqfxkm-MuiGrid-root"
    >
      <div
        className="MuiGrid-root MuiGrid-item MuiGrid-grid-xs-1 css-1osj8n2-MuiGrid-root"
      >
        <h6
          className="MuiTypography-root MuiTypography-h6 MuiTypography-alignLeft css-16taog-MuiTypography-root"
        >
          10.23
        </h6>
      </div>
      <div
        className="MuiGrid-root MuiGrid-item MuiGrid-grid-xs-1 css-1osj8n2-MuiGrid-root"
      >
        <h6
          className="MuiTypography-root MuiTypography-h6 MuiTypography-alignRight css-1js305m-MuiTypography-root"
        >
          Thu
        </h6>
      </div>
    </div>
  </div>
  <div
    className="MuiGrid-root MuiGrid-item MuiGrid-grid-xs-1 css-1i5d9ma-MuiGrid-root"
  >
    <div
      className="MuiGrid-root MuiGrid-container css-dqfxkm-MuiGrid-root"
    >
      <div
        className="MuiGrid-root MuiGrid-item MuiGrid-grid-xs-1 css-1osj8n2-MuiGrid-root"
      >
        <h6
          className="MuiTypography-root MuiTypography-h6 MuiTypography-alignLeft css-16taog-MuiTypography-root"
        >
          10.23
        </h6>
      </div>
      <div
        className="MuiGrid-root MuiGrid-item MuiGrid-grid-xs-1 css-1osj8n2-MuiGrid-root"
      >
        <h6
          className="MuiTypography-root MuiTypography-h6 MuiTypography-alignRight css-1js305m-MuiTypography-root"
        >
          Fri
        </h6>
      </div>
    </div>
  </div>
  <div
    className="MuiGrid-root MuiGrid-item MuiGrid-grid-xs-1 css-1i5d9ma-MuiGrid-root"
  >
    <div
      className="MuiGrid-root MuiGrid-container css-dqfxkm-MuiGrid-root"
    >
      <div
        className="MuiGrid-root MuiGrid-item MuiGrid-grid-xs-1 css-1osj8n2-MuiGrid-root"
      >
        <h6
          className="MuiTypography-root MuiTypography-h6 MuiTypography-alignLeft css-16taog-MuiTypography-root"
        >
          10.23
        </h6>
      </div>
      <div
        className="MuiGrid-root MuiGrid-item MuiGrid-grid-xs-1 css-1osj8n2-MuiGrid-root"
      >
        <h6
          className="MuiTypography-root MuiTypography-h6 MuiTypography-alignRight css-1js305m-MuiTypography-root"
        >
          Sat
        </h6>
      </div>
    </div>
  </div>
  <div
    className="MuiGrid-root MuiGrid-item MuiGrid-grid-xs-1 css-1i5d9ma-MuiGrid-root"
  >
    <div
      className="MuiGrid-root MuiGrid-container MuiGrid-spacing-xs-2 css-mhc70k-MuiGrid-root"
    >
      <div
        className="MuiGrid-root MuiGrid-item MuiGrid-grid-xs-1 css-1idn90j-MuiGrid-root"
      />
    </div>
  </div>
  <div
    className="MuiGrid-root MuiGrid-item MuiGrid-grid-xs-1 css-1i5d9ma-MuiGrid-root"
  >
    <div
      className="MuiGrid-root MuiGrid-container MuiGrid-spacing-xs-2 css-mhc70k-MuiGrid-root"
    >
      <div
        className="MuiGrid-root MuiGrid-item MuiGrid-grid-xs-1 css-1idn90j-MuiGrid-root"
      />
    </div>
  </div>
  <div
    className="MuiGrid-root MuiGrid-item MuiGrid-grid-xs-1 css-1i5d9ma-MuiGrid-root"
  >
    <div
      className="MuiGrid-root MuiGrid-container MuiGrid-spacing-xs-2 css-mhc70k-MuiGrid-root"
    >
      <div
        className="MuiGrid-root MuiGrid-item MuiGrid-grid-xs-1 css-1idn90j-MuiGrid-root"
      />
    </div>
  </div>
  <div
    className="MuiGrid-root MuiGrid-item MuiGrid-grid-xs-1 css-1i5d9ma-MuiGrid-root"
  >
    <div
      className="MuiGrid-root MuiGrid-container MuiGrid-spacing-xs-2 css-mhc70k-MuiGrid-root"
    >
      <div
        className="MuiGrid-root MuiGrid-item MuiGrid-grid-xs-1 css-1idn90j-MuiGrid-root"
      />
    </div>
  </div>
  <div
    className="MuiGrid-root MuiGrid-item MuiGrid-grid-xs-1 css-1i5d9ma-MuiGrid-root"
  >
    <div
      className="MuiGrid-root MuiGrid-container MuiGrid-spacing-xs-2 css-mhc70k-MuiGrid-root"
    >
      <div
        className="MuiGrid-root MuiGrid-item MuiGrid-grid-xs-1 css-1idn90j-MuiGrid-root"
      />
    </div>
  </div>
  <div
    className="MuiGrid-root MuiGrid-item MuiGrid-grid-xs-1 css-1i5d9ma-MuiGrid-root"
  >
    <div
      className="MuiGrid-root MuiGrid-container MuiGrid-spacing-xs-2 css-mhc70k-MuiGrid-root"
    >
      <div
        className="MuiGrid-root MuiGrid-item MuiGrid-grid-xs-1 css-1idn90j-MuiGrid-root"
      />
    </div>
  </div>
  <div
    className="MuiGrid-root MuiGrid-item MuiGrid-grid-xs-1 css-1i5d9ma-MuiGrid-root"
  >
    <div
      className="MuiGrid-root MuiGrid-container MuiGrid-spacing-xs-2 css-mhc70k-MuiGrid-root"
    >
      <div
        className="MuiGrid-root MuiGrid-item MuiGrid-grid-xs-1 css-1idn90j-MuiGrid-root"
      />
    </div>
  </div>
</div>
`;
