// Jest Snapshot v1, https://goo.gl/fbAQLP

exports[`EditSchedule Renders 1`] = `
<body>
  <div>
    <div
      class="MuiGrid-root MuiGrid-container MuiGrid-spacing-xs-3 css-zow5z4-MuiGrid-root"
    >
      <div
        class="MuiGrid-root MuiGrid-item MuiGrid-grid-xs-12 css-1idn90j-MuiGrid-root"
      >
        <div
          class="MuiGrid-root MuiGrid-container MuiGrid-spacing-xs-3 printed css-tpk66z-MuiGrid-root"
        >
          <div
            class="MuiGrid-root MuiGrid-item MuiGrid-grid-xs-1 css-1umt6p6-MuiGrid-root"
          >
            <div
              class="MuiGrid-root MuiGrid-container css-dqfxkm-MuiGrid-root"
            >
              <div
                class="MuiGrid-root MuiGrid-item MuiGrid-grid-xs-1 css-1osj8n2-MuiGrid-root"
              >
                <h6
                  class="MuiTypography-root MuiTypography-h6 MuiTypography-alignLeft css-16taog-MuiTypography-root"
                >
                  12.29
                </h6>
              </div>
              <div
                class="MuiGrid-root MuiGrid-item MuiGrid-grid-xs-1 css-1osj8n2-MuiGrid-root"
              >
                <h6
                  class="MuiTypography-root MuiTypography-h6 MuiTypography-alignRight css-1js305m-MuiTypography-root"
                >
                  Sun
                </h6>
              </div>
            </div>
            <div
              class="MuiGrid-root MuiGrid-container MuiGrid-spacing-xs-2 css-mhc70k-MuiGrid-root"
            >
              <div
                class="MuiGrid-root MuiGrid-item MuiGrid-grid-xs-1 css-1idn90j-MuiGrid-root"
              />
            </div>
          </div>
          <div
            class="MuiGrid-root MuiGrid-item MuiGrid-grid-xs-1 css-1umt6p6-MuiGrid-root"
          >
            <div
              class="MuiGrid-root MuiGrid-container css-dqfxkm-MuiGrid-root"
            >
              <div
                class="MuiGrid-root MuiGrid-item MuiGrid-grid-xs-1 css-1osj8n2-MuiGrid-root"
              >
                <h6
                  class="MuiTypography-root MuiTypography-h6 MuiTypography-alignLeft css-16taog-MuiTypography-root"
                >
                  12.30
                </h6>
              </div>
              <div
                class="MuiGrid-root MuiGrid-item MuiGrid-grid-xs-1 css-1osj8n2-MuiGrid-root"
              >
                <h6
                  class="MuiTypography-root MuiTypography-h6 MuiTypography-alignRight css-1js305m-MuiTypography-root"
                >
                  Mon
                </h6>
              </div>
            </div>
            <div
              class="MuiGrid-root MuiGrid-container MuiGrid-spacing-xs-2 css-mhc70k-MuiGrid-root"
            >
              <div
                class="MuiGrid-root MuiGrid-item MuiGrid-grid-xs-1 css-1idn90j-MuiGrid-root"
              />
            </div>
          </div>
          <div
            class="MuiGrid-root MuiGrid-item MuiGrid-grid-xs-1 css-1umt6p6-MuiGrid-root"
          >
            <div
              class="MuiGrid-root MuiGrid-container css-dqfxkm-MuiGrid-root"
            >
              <div
                class="MuiGrid-root MuiGrid-item MuiGrid-grid-xs-1 css-1osj8n2-MuiGrid-root"
              >
                <h6
                  class="MuiTypography-root MuiTypography-h6 MuiTypography-alignLeft css-16taog-MuiTypography-root"
                >
                  12.31
                </h6>
              </div>
              <div
                class="MuiGrid-root MuiGrid-item MuiGrid-grid-xs-1 css-1osj8n2-MuiGrid-root"
              >
                <h6
                  class="MuiTypography-root MuiTypography-h6 MuiTypography-alignRight css-1js305m-MuiTypography-root"
                >
                  Tue
                </h6>
              </div>
            </div>
            <div
              class="MuiGrid-root MuiGrid-container MuiGrid-spacing-xs-2 css-mhc70k-MuiGrid-root"
            >
              <div
                class="MuiGrid-root MuiGrid-item MuiGrid-grid-xs-1 css-1idn90j-MuiGrid-root"
              />
            </div>
          </div>
          <div
            class="MuiGrid-root MuiGrid-item MuiGrid-grid-xs-1 css-1umt6p6-MuiGrid-root"
          >
            <div
              class="MuiGrid-root MuiGrid-container css-dqfxkm-MuiGrid-root"
            >
              <div
                class="MuiGrid-root MuiGrid-item MuiGrid-grid-xs-1 css-1osj8n2-MuiGrid-root"
              >
                <h6
                  class="MuiTypography-root MuiTypography-h6 MuiTypography-alignLeft css-16taog-MuiTypography-root"
                >
                  1.1
                </h6>
              </div>
              <div
                class="MuiGrid-root MuiGrid-item MuiGrid-grid-xs-1 css-1osj8n2-MuiGrid-root"
              >
                <h6
                  class="MuiTypography-root MuiTypography-h6 MuiTypography-alignRight css-1js305m-MuiTypography-root"
                >
                  Wed
                </h6>
              </div>
            </div>
            <div
              class="MuiGrid-root MuiGrid-container MuiGrid-spacing-xs-2 css-mhc70k-MuiGrid-root"
            >
              <div
                class="MuiGrid-root MuiGrid-item MuiGrid-grid-xs-1 css-1idn90j-MuiGrid-root"
              />
            </div>
          </div>
          <div
            class="MuiGrid-root MuiGrid-item MuiGrid-grid-xs-1 css-1umt6p6-MuiGrid-root"
          >
            <div
              class="MuiGrid-root MuiGrid-container css-dqfxkm-MuiGrid-root"
            >
              <div
                class="MuiGrid-root MuiGrid-item MuiGrid-grid-xs-1 css-1osj8n2-MuiGrid-root"
              >
                <h6
                  class="MuiTypography-root MuiTypography-h6 MuiTypography-alignLeft css-16taog-MuiTypography-root"
                >
                  1.2
                </h6>
              </div>
              <div
                class="MuiGrid-root MuiGrid-item MuiGrid-grid-xs-1 css-1osj8n2-MuiGrid-root"
              >
                <h6
                  class="MuiTypography-root MuiTypography-h6 MuiTypography-alignRight css-1js305m-MuiTypography-root"
                >
                  Thu
                </h6>
              </div>
            </div>
            <div
              class="MuiGrid-root MuiGrid-container MuiGrid-spacing-xs-2 css-mhc70k-MuiGrid-root"
            >
              <div
                class="MuiGrid-root MuiGrid-item MuiGrid-grid-xs-1 css-1idn90j-MuiGrid-root"
              />
            </div>
          </div>
          <div
            class="MuiGrid-root MuiGrid-item MuiGrid-grid-xs-1 css-1umt6p6-MuiGrid-root"
          >
            <div
              class="MuiGrid-root MuiGrid-container css-dqfxkm-MuiGrid-root"
            >
              <div
                class="MuiGrid-root MuiGrid-item MuiGrid-grid-xs-1 css-1osj8n2-MuiGrid-root"
              >
                <h6
                  class="MuiTypography-root MuiTypography-h6 MuiTypography-alignLeft css-16taog-MuiTypography-root"
                >
                  1.3
                </h6>
              </div>
              <div
                class="MuiGrid-root MuiGrid-item MuiGrid-grid-xs-1 css-1osj8n2-MuiGrid-root"
              >
                <h6
                  class="MuiTypography-root MuiTypography-h6 MuiTypography-alignRight css-1js305m-MuiTypography-root"
                >
                  Fri
                </h6>
              </div>
            </div>
            <div
              class="MuiGrid-root MuiGrid-container MuiGrid-spacing-xs-2 css-mhc70k-MuiGrid-root"
            >
              <div
                class="MuiGrid-root MuiGrid-item MuiGrid-grid-xs-1 css-1idn90j-MuiGrid-root"
              />
            </div>
          </div>
          <div
            class="MuiGrid-root MuiGrid-item MuiGrid-grid-xs-1 css-1umt6p6-MuiGrid-root"
          >
            <div
              class="MuiGrid-root MuiGrid-container css-dqfxkm-MuiGrid-root"
            >
              <div
                class="MuiGrid-root MuiGrid-item MuiGrid-grid-xs-1 css-1osj8n2-MuiGrid-root"
              >
                <h6
                  class="MuiTypography-root MuiTypography-h6 MuiTypography-alignLeft css-16taog-MuiTypography-root"
                >
                  1.4
                </h6>
              </div>
              <div
                class="MuiGrid-root MuiGrid-item MuiGrid-grid-xs-1 css-1osj8n2-MuiGrid-root"
              >
                <h6
                  class="MuiTypography-root MuiTypography-h6 MuiTypography-alignRight css-1js305m-MuiTypography-root"
                >
                  Sat
                </h6>
              </div>
            </div>
            <div
              class="MuiGrid-root MuiGrid-container MuiGrid-spacing-xs-2 css-mhc70k-MuiGrid-root"
            >
              <div
                class="MuiGrid-root MuiGrid-item MuiGrid-grid-xs-1 css-1idn90j-MuiGrid-root"
              />
            </div>
          </div>
        </div>
      </div>
      <div
        class="MuiGrid-root MuiGrid-item MuiGrid-grid-xs-3 css-1equabv-MuiGrid-root"
      >
        <div
          class="MuiBox-root css-1bpfpyh"
        >
          <div
            class="css-e53awj-MuiStack-root"
          >
            <h6
              class="MuiTypography-root MuiTypography-h6 css-ns280z-MuiTypography-root"
            >
              Employees
            </h6>
            <button
              class="MuiButtonBase-root MuiButton-root MuiButton-contained MuiButton-containedSecondary MuiButton-sizeMedium MuiButton-containedSizeMedium MuiButton-root MuiButton-contained MuiButton-containedSecondary MuiButton-sizeMedium MuiButton-containedSizeMedium css-15n7dva-MuiButtonBase-root-MuiButton-root"
              tabindex="0"
              type="button"
            >
              +
              <span
                class="MuiTouchRipple-root css-8je8zh-MuiTouchRipple-root"
              />
            </button>
          </div>
          <div
            class="css-nen11g-MuiStack-root"
          />
        </div>
      </div>
      <div
        class="MuiGrid-root MuiGrid-item MuiGrid-grid-xs-3 css-1equabv-MuiGrid-root"
      >
        <div
          class="MuiBox-root css-scxkcp"
        >
          <h6
            class="MuiTypography-root MuiTypography-h6 css-iq9sbh-MuiTypography-root"
          >
            Tools
          </h6>
          <div
            class="css-4maiob-MuiStack-root"
          >
            <button
              class="MuiButtonBase-root MuiButton-root MuiButton-contained MuiButton-containedSecondary MuiButton-sizeMedium MuiButton-containedSizeMedium MuiButton-root MuiButton-contained MuiButton-containedSecondary MuiButton-sizeMedium MuiButton-containedSizeMedium css-zcbmsk-MuiButtonBase-root-MuiButton-root"
              tabindex="0"
              type="button"
            >
              Add Shift
              <span
                class="MuiTouchRipple-root css-8je8zh-MuiTouchRipple-root"
              />
            </button>
            <div>
              <button
                class="MuiButtonBase-root MuiButton-root MuiButton-contained MuiButton-containedSecondary MuiButton-sizeMedium MuiButton-containedSizeMedium MuiButton-root MuiButton-contained MuiButton-containedSecondary MuiButton-sizeMedium MuiButton-containedSizeMedium css-zcbmsk-MuiButtonBase-root-MuiButton-root"
                tabindex="0"
                type="button"
              >
                Export
                <span
                  class="MuiTouchRipple-root css-8je8zh-MuiTouchRipple-root"
                />
              </button>
            </div>
          </div>
        </div>
      </div>
      <div
        class="MuiGrid-root MuiGrid-item MuiGrid-grid-xs-3 css-1equabv-MuiGrid-root"
      />
      <div
        class="MuiGrid-root MuiGrid-item MuiGrid-grid-xs-3 css-1equabv-MuiGrid-root"
      >
        <div
          class="css-1p5q5e5-MuiStack-root"
        >
          <div
            class="MuiFormControl-root MuiTextField-root css-1u3bzj6-MuiFormControl-root-MuiTextField-root"
          >
            <label
              class="MuiFormLabel-root MuiInputLabel-root MuiInputLabel-formControl MuiInputLabel-animated MuiInputLabel-shrink MuiInputLabel-outlined MuiFormLabel-colorPrimary MuiFormLabel-filled MuiInputLabel-root MuiInputLabel-formControl MuiInputLabel-animated MuiInputLabel-shrink MuiInputLabel-outlined css-1sumxir-MuiFormLabel-root-MuiInputLabel-root"
              data-shrink="true"
              for=":r0:"
              id=":r0:-label"
            >
              Schedule Name
            </label>
            <div
              class="MuiInputBase-root MuiOutlinedInput-root MuiInputBase-colorPrimary MuiInputBase-formControl css-9ddj71-MuiInputBase-root-MuiOutlinedInput-root"
            >
              <input
                aria-invalid="false"
                class="MuiInputBase-input MuiOutlinedInput-input css-1t8l2tu-MuiInputBase-input-MuiOutlinedInput-input"
                id=":r0:"
                type="text"
                value="12/29/2019, 12:00:00 AM"
              />
              <fieldset
                aria-hidden="true"
                class="MuiOutlinedInput-notchedOutline css-1d3z3hw-MuiOutlinedInput-notchedOutline"
              >
                <legend
                  class="css-14lo706"
                >
                  <span>
                    Schedule Name
                  </span>
                </legend>
              </fieldset>
            </div>
          </div>
          <div
            class="MuiFormControl-root MuiTextField-root css-1u3bzj6-MuiFormControl-root-MuiTextField-root"
          >
            <label
              class="MuiFormLabel-root MuiInputLabel-root MuiInputLabel-formControl MuiInputLabel-animated MuiInputLabel-shrink MuiInputLabel-outlined MuiFormLabel-colorPrimary MuiFormLabel-filled MuiInputLabel-root MuiInputLabel-formControl MuiInputLabel-animated MuiInputLabel-shrink MuiInputLabel-outlined css-1sumxir-MuiFormLabel-root-MuiInputLabel-root"
              data-shrink="true"
              for=":r1:"
              id=":r1:-label"
            >
              Week
            </label>
            <div
              class="MuiInputBase-root MuiOutlinedInput-root MuiInputBase-colorPrimary MuiInputBase-formControl MuiInputBase-adornedEnd css-o9k5xi-MuiInputBase-root-MuiOutlinedInput-root"
            >
              <input
                aria-invalid="false"
                class="MuiInputBase-input MuiOutlinedInput-input MuiInputBase-inputAdornedEnd css-nxo287-MuiInputBase-input-MuiOutlinedInput-input"
                id=":r1:"
                placeholder="mm/dd/yyyy"
                type="tel"
                value="12/29/2019"
              />
              <div
                class="MuiInputAdornment-root MuiInputAdornment-positionEnd MuiInputAdornment-outlined MuiInputAdornment-sizeMedium css-1laqsz7-MuiInputAdornment-root"
              >
                <button
                  aria-label="Choose date, selected date is Dec 29, 2019"
                  class="MuiButtonBase-root MuiIconButton-root MuiIconButton-edgeEnd MuiIconButton-sizeMedium css-1yq5fb3-MuiButtonBase-root-MuiIconButton-root"
                  tabindex="0"
                  type="button"
                >
                  <svg
                    aria-hidden="true"
                    class="MuiSvgIcon-root MuiSvgIcon-fontSizeMedium css-i4bv87-MuiSvgIcon-root"
                    data-testid="CalendarIcon"
                    focusable="false"
                    viewBox="0 0 24 24"
                  >
                    <path
                      d="M17 12h-5v5h5v-5zM16 1v2H8V1H6v2H5c-1.11 0-1.99.9-1.99 2L3 19c0 1.1.89 2 2 2h14c1.1 0 2-.9 2-2V5c0-1.1-.9-2-2-2h-1V1h-2zm3 18H5V8h14v11z"
                    />
                  </svg>
                  <span
                    class="MuiTouchRipple-root css-8je8zh-MuiTouchRipple-root"
                  />
                </button>
              </div>
              <fieldset
                aria-hidden="true"
                class="MuiOutlinedInput-notchedOutline css-1d3z3hw-MuiOutlinedInput-notchedOutline"
              >
                <legend
                  class="css-14lo706"
                >
                  <span>
                    Week
                  </span>
                </legend>
              </fieldset>
            </div>
          </div>
          <div
            class="MuiPaper-root MuiPaper-outlined MuiPaper-rounded css-j46zze-MuiPaper-root"
          >
            Total hours: 
            0.00
          </div>
        </div>
      </div>
    </div>
  </div>
</body>
`;
